// Jest Snapshot v1, https://goo.gl/fbAQLP

exports[`Dungeon matches snapshot 1`] = `<div />`;
